num_threads 8
num_threads 8
loading nvidia...
loading nvidia...
Traceback (most recent call last):
  File "/home/maxim/Projects/SEDACS_1/sedacs/examples/pyseqm/singleNode_nanostar/main.py", line 18, in <module>
    from sedacs.driver.graph_adaptive import get_adaptiveDM
  File "/home/maxim/anaconda3/envs/sedacs_2/lib/python3.10/site-packages/sedacs/driver/graph_adaptive.py", line 5, in <module>
    from sedacs.density_matrix import get_density_matrix, get_initDM, get_dmErrs, get_dmTrace
  File "/home/maxim/anaconda3/envs/sedacs_2/lib/python3.10/site-packages/sedacs/density_matrix.py", line 10, in <module>
    from sedacs.interface_pyseqm import get_molecule_pyseqm
Traceback (most recent call last):
  File "/home/maxim/anaconda3/envs/sedacs_2/lib/python3.10/site-packages/sedacs/interface_pyseqm.py", line 27, in <module>
  File "/home/maxim/Projects/SEDACS_1/sedacs/examples/pyseqm/singleNode_nanostar/main.py", line 18, in <module>
    class pyseqmObjects(torch.nn.Module):
NameError: name 'torch' is not defined
    from sedacs.driver.graph_adaptive import get_adaptiveDM
  File "/home/maxim/anaconda3/envs/sedacs_2/lib/python3.10/site-packages/sedacs/driver/graph_adaptive.py", line 5, in <module>
    from sedacs.density_matrix import get_density_matrix, get_initDM, get_dmErrs, get_dmTrace
  File "/home/maxim/anaconda3/envs/sedacs_2/lib/python3.10/site-packages/sedacs/density_matrix.py", line 10, in <module>
    from sedacs.interface_pyseqm import get_molecule_pyseqm
  File "/home/maxim/anaconda3/envs/sedacs_2/lib/python3.10/site-packages/sedacs/interface_pyseqm.py", line 27, in <module>
    class pyseqmObjects(torch.nn.Module):
NameError: name 'torch' is not defined
--------------------------------------------------------------------------
Primary job  terminated normally, but 1 process returned
a non-zero exit code. Per user-direction, the job has been aborted.
--------------------------------------------------------------------------
--------------------------------------------------------------------------
mpirun detected that one or more processes exited with non-zero status, thus causing
the job to be terminated. The first process to do so was:

  Process name: [[1296,1],0]
  Exit code:    1
--------------------------------------------------------------------------
